<?xml version="1.0" encoding="UTF-8"?>
<TestRun id="4d2ea894-e11b-4c38-9b03-61007b3a8688" name="jalex@JALEX-LT 2012-06-13 12:53:28" runUser="LDCINT\jalex" xmlns="http://microsoft.com/schemas/VisualStudio/TeamTest/2010">
  <TestSettings name="Local" id="1d5d2eda-23a7-40a0-a866-8860f7c71cd4">
    <Description>These are default test settings for a local test run.</Description>
    <Deployment enabled="false" runDeploymentRoot="jalex_JALEX-LT 2012-06-13 12_53_28">
      <DeploymentItem filename="C:\Users\jalex\gitQATestCode1\QATest\Bank\Bank\bin\Debug\Bank.dll" />
    </Deployment>
    <Execution>
      <TestTypeSpecific />
      <AgentRule name="Execution Agents">
      </AgentRule>
    </Execution>
  </TestSettings>
  <Times creation="2012-06-13T12:53:28.1170347-07:00" queuing="2012-06-13T12:53:28.1570307-07:00" start="2012-06-13T12:53:28.1610303-07:00" finish="2012-06-13T12:53:28.4010063-07:00" />
  <ResultSummary outcome="Failed">
    <Counters total="1" executed="1" error="0" failed="1" timeout="0" aborted="0" inconclusive="0" passedButRunAborted="0" notRunnable="0" notExecuted="0" disconnected="0" warning="0" passed="0" completed="0" inProgress="0" pending="0" />
  </ResultSummary>
  <TestDefinitions>
    <UnitTest name="DebitTest" storage="c:\users\jalex\gitqatestcode1\qatest\bank\testproject1\bin\debug\testproject1.dll" id="26bfaab1-75c4-8f62-7229-929a1e9a0aee">
      <Execution id="4f8f5bfe-264f-4e03-beee-73080ac8d0d8" />
      <TestMethod codeBase="C:/Users/jalex/gitQATestCode1/QATest/Bank/TestProject1/bin/Debug/TestProject1.DLL" adapterTypeName="Microsoft.VisualStudio.TestTools.TestTypes.Unit.UnitTestAdapter, Microsoft.VisualStudio.QualityTools.Tips.UnitTest.Adapter, Version=10.0.0.0, Culture=neutral, PublicKeyToken=b03f5f7f11d50a3a" className="TestProject1.BankAccountTest, TestProject1, Version=1.0.0.0, Culture=neutral, PublicKeyToken=null" name="DebitTest" />
    </UnitTest>
  </TestDefinitions>
  <TestLists>
    <TestList name="Results Not in a List" id="8c84fa94-04c1-424b-9868-57a2d4851a1d" />
    <TestList name="All Loaded Results" id="19431567-8539-422a-85d7-44ee4e166bda" />
  </TestLists>
  <TestEntries>
    <TestEntry testId="26bfaab1-75c4-8f62-7229-929a1e9a0aee" executionId="4f8f5bfe-264f-4e03-beee-73080ac8d0d8" testListId="8c84fa94-04c1-424b-9868-57a2d4851a1d" />
  </TestEntries>
  <Results>
    <UnitTestResult executionId="4f8f5bfe-264f-4e03-beee-73080ac8d0d8" testId="26bfaab1-75c4-8f62-7229-929a1e9a0aee" testName="DebitTest" computerName="JALEX-LT" duration="00:00:00.0863206" startTime="2012-06-13T12:53:28.1650299-07:00" endTime="2012-06-13T12:53:28.3910073-07:00" testType="13cdc9d9-ddb5-4fa4-a97d-d965ccfc6d4b" outcome="Failed" testListId="8c84fa94-04c1-424b-9868-57a2d4851a1d" relativeResultsDirectory="4f8f5bfe-264f-4e03-beee-73080ac8d0d8">
      <Output>
        <ErrorInfo>
          <Message>Assert.AreEqual failed. Expected a difference no greater than &lt;0.05&gt; between expected value &lt;0.77&gt; and actual value &lt;23.21&gt;. </Message>
          <StackTrace>   at TestProject1.BankAccountTest.DebitTest() in C:\Users\jalex\gitQATestCode1\QATest\Bank\TestProject1\BankAccountTest.cs:line 77
</StackTrace>
        </ErrorInfo>
      </Output>
    </UnitTestResult>
  </Results>
</TestRun>